---
source: tests/corpus.rs
expression: out
---
{
  "fixture": "historical_narrative",
  "statements": [
    {
      "source_index": 0,
      "text": "The npm registry is reliable for downloads.",
      "byte_start": 0,
      "byte_end": 46,
      "line": 1
    },
    {
      "source_index": 0,
      "text": "Our build infrastructure spans yarn workspaces and pnpm filters historically.",
      "byte_start": 46,
      "byte_end": 126,
      "line": 2
    },
    {
      "source_index": 0,
      "text": "We migrated from npm to pnpm last year for the monorepo.",
      "byte_start": 126,
      "byte_end": 185,
      "line": 3
    }
  ],
  "assertions": []
}
